// Jest Snapshot v1, https://goo.gl/fbAQLP

exports[`getProjectMetadata activities passes basic sanity 1`] = `
Array [
  Object {
    "action": "uuid:proj-id-123::TestActivity",
    "category": "ActivityCategory",
    "clientOnly": undefined,
    "deprecated": "ActivityDeprecated",
    "description": "ActivityDescription",
    "displayName": "ActivityDisplayName",
    "helpUrl": "http://help/TestActivity",
    "inputs": Object {
      "input1": Object {
        "clientOnly": undefined,
        "defaultExpressionHint": "Input1DefaultExpressionHint",
        "defaultValue": "Input1DefaultValue",
        "deprecated": "Input1Deprecated",
        "description": "Input1Description",
        "displayName": "Input1DisplayName",
        "isHidden": true,
        "isRequired": true,
        "name": "input1",
        "noExpressions": undefined,
        "onlineOnly": undefined,
        "placeholder": "Input1Placeholder",
        "serverOnly": undefined,
        "supportedApps": undefined,
        "typeName": "string",
        "unsupportedApps": undefined,
      },
      "input2": Object {
        "clientOnly": undefined,
        "defaultExpressionHint": undefined,
        "defaultValue": undefined,
        "deprecated": undefined,
        "description": undefined,
        "displayName": "Input2",
        "isHidden": undefined,
        "isRequired": undefined,
        "name": "input2",
        "noExpressions": undefined,
        "onlineOnly": undefined,
        "placeholder": undefined,
        "serverOnly": undefined,
        "supportedApps": undefined,
        "typeName": "number",
        "unsupportedApps": undefined,
      },
    },
    "isHidden": true,
    "name": "TestActivity",
    "onlineOnly": undefined,
    "outputs": Object {
      "output1": Object {
        "clientOnly": undefined,
        "defaultExpressionHint": undefined,
        "defaultValue": undefined,
        "deprecated": undefined,
        "description": "Output1Description",
        "displayName": "Output1DisplayName",
        "isHidden": true,
        "isRequired": undefined,
        "name": "output1",
        "noExpressions": undefined,
        "onlineOnly": undefined,
        "placeholder": undefined,
        "serverOnly": undefined,
        "supportedApps": undefined,
        "typeName": "string",
        "unsupportedApps": undefined,
      },
    },
    "serverOnly": undefined,
    "suite": "uuid:proj-id-123",
    "supportedApps": undefined,
    "unsupportedApps": undefined,
  },
]
`;
